// Jest Snapshot v1, https://goo.gl/fbAQLP

exports[`DashResourceSummary snapshot test renders the UI as expected 1`] = `<DashResourceSummary />`;
