// Jest Snapshot v1, https://goo.gl/fbAQLP

exports[`DashCompanySummary snapshot test renders the UI as expected 1`] = `<DashCompanySummary />`;
