// Jest Snapshot v1, https://goo.gl/fbAQLP

exports[`Company snapshot test renders the UI as expected 1`] = `<ContactSummary />`;
