// Jest Snapshot v1, https://goo.gl/fbAQLP

exports[`SavedJobsRoute snapshot test renders the UI as expected 1`] = `
<div
  className="saved-jobs-page"
>
  <div
    className="title"
  >
    <h2>
      Saved Jobs
    </h2>
  </div>
  <SideNav />
  <AddJobForm />
</div>
`;
