// Jest Snapshot v1, https://goo.gl/fbAQLP

exports[`DashContactSummary snapshot test renders the UI as expected 1`] = `<DashContactSummary />`;
