// Jest Snapshot v1, https://goo.gl/fbAQLP

exports[`SavedEventsSummary snapshot test renders the UI as expected 1`] = `<SavedEventsSummary />`;
