// Jest Snapshot v1, https://goo.gl/fbAQLP

exports[`Job Search Form snapshot test renders the UI as expected 1`] = `<JobSearchForm />`;
