// Jest Snapshot v1, https://goo.gl/fbAQLP

exports[`ProfessionalContact snapshot test renders the UI as expected 1`] = `
<Fragment>
<<<<<<< HEAD
  <div
    className="contact-card"
  >
    <div
      className="contact-name"
    >
      <h4>
        Name: 
        first
         
      </h4>
    </div>
    <div
      className="contact-department"
    >
      <p>
        Department: 
        department
      </p>
    </div>
    <div
      className="contact-position"
    >
      <p>
        Position: 
        position
      </p>
    </div>
    <div
      className="contact-type"
    >
      <p>
        Type: 
        type
      </p>
    </div>
    <div
      className="contact-email"
    >
      <p>
        Email: 
        email@email.com
      </p>
    </div>
    <div
      className="contact-phone"
    >
      <a
        alt="professionals-phone"
        href="111-111-1111"
      >
        Call
      </a>
    </div>
    <div>
      <a
        alt="contact-linkedIn-link"
        href="http://linkedin.com/person"
      >
        LinkedIn
      </a>
    </div>
=======
  <h2>
    Name: 
    first
     
  </h2>
  <p>
    Department: 
    department
  </p>
  <p>
    Position: 
    position
  </p>
  <p>
    Email: 
    email@email.com
  </p>
  <p>
    LinkedIn: 
    http://linkedin.com/person
  </p>
  <p
    className="error-message"
  />
  <div
    className="save-button"
  >
    <p>
      Saved âœ”
    </p>
>>>>>>> b589b9a987612f9b6a28c9402f9416bf87ef0fcc
  </div>
</Fragment>
`;
