// Jest Snapshot v1, https://goo.gl/fbAQLP

exports[`Landing snapshot test renders the UI as expected 1`] = `
<section
  className="landing"
>
  <Description />
</section>
`;
