// Jest Snapshot v1, https://goo.gl/fbAQLP

exports[`savedContactsRoute snapshot test renders the UI as expected 1`] = `<savedContactsRoute />`;
