// Jest Snapshot v1, https://goo.gl/fbAQLP

exports[`Notifications snapshot test renders the UI as expected 1`] = `<Notifications />`;
