// Jest Snapshot v1, https://goo.gl/fbAQLP

exports[`DashJobSummary snapshot test renders the UI as expected 1`] = `<DashJobSummary />`;
