// Jest Snapshot v1, https://goo.gl/fbAQLP

exports[`AddEventForm snapshot test renders the UI as expected 1`] = `
<div
  className="AddEventForm"
>
  <div
    role="alert"
  />
  <form
    onSubmit={[Function]}
  >
    <div>
      <Label
        htmlFor="event-name-input"
      >
        Event
      </Label>
      <br />
      <ForwardRef
        id="event-name-input"
        name="event"
      />
    </div>
    <div>
      <Label
        htmlFor="host-input"
      >
        Host
      </Label>
      <br />
      <ForwardRef
        id="host-input"
        name="host"
      />
    </div>
    <div>
      <Label
        htmlFor="city-input"
      >
        City
      </Label>
      <br />
      <ForwardRef
        id="city-input"
        name="city"
      />
    </div>
    <div>
      <Label
        htmlFor="state-input"
      >
        State
      </Label>
      <br />
      <select
        id="state-input"
        name="state"
      >
        <option
          key="AZ"
          value="AZ"
        >
          Arizona
        </option>
        <option
          key="AL"
          value="AL"
        >
          Alabama
        </option>
        <option
          key="AK"
          value="AK"
        >
          Alaska
        </option>
        <option
          key="AR"
          value="AR"
        >
          Arkansas
        </option>
        <option
          key="CA"
          value="CA"
        >
          California
        </option>
        <option
          key="CO"
          value="CO"
        >
          Colorado
        </option>
        <option
          key="CT"
          value="CT"
        >
          Connecticut
        </option>
        <option
          key="DE"
          value="DE"
        >
          Delaware
        </option>
        <option
          key="FL"
          value="FL"
        >
          Florida
        </option>
        <option
          key="GA"
          value="GA"
        >
          Georgia
        </option>
        <option
          key="HI"
          value="HI"
        >
          Hawaii
        </option>
        <option
          key="ID"
          value="ID"
        >
          Idaho
        </option>
        <option
          key="IL"
          value="IL"
        >
          Illinois
        </option>
        <option
          key="IN"
          value="IN"
        >
          Indiana
        </option>
        <option
          key="IA"
          value="IA"
        >
          Iowa
        </option>
        <option
          key="KS"
          value="KS"
        >
          Kansas
        </option>
        <option
          key="KY"
          value="KY"
        >
          Kentucky
        </option>
        <option
          key="LA"
          value="LA"
        >
          Louisiana
        </option>
        <option
          key="ME"
          value="ME"
        >
          Maine
        </option>
        <option
          key="MD"
          value="MD"
        >
          Maryland
        </option>
        <option
          key="MA"
          value="MA"
        >
          Massachusetts
        </option>
        <option
          key="MI"
          value="MI"
        >
          Michigan
        </option>
        <option
          key="MN"
          value="MN"
        >
          Minnesota
        </option>
        <option
          key="MS"
          value="MS"
        >
          Mississippi
        </option>
        <option
          key="MO"
          value="MO"
        >
          Missouri
        </option>
        <option
          key="MT"
          value="MT"
        >
          Montana
        </option>
        <option
          key="NE"
          value="NE"
        >
          Nebraska
        </option>
        <option
          key="NV"
          value="NV"
        >
          Nevada
        </option>
        <option
          key="NH"
          value="NH"
        >
          New Hampshire
        </option>
        <option
          key="NJ"
          value="NJ"
        >
          New Jersey
        </option>
        <option
          key="NM"
          value="NM"
        >
          New Mexico
        </option>
        <option
          key="NY"
          value="NY"
        >
          New York
        </option>
        <option
          key="NC"
          value="NC"
        >
          North Carolina
        </option>
        <option
          key="ND"
          value="ND"
        >
          North Dakota
        </option>
        <option
          key="OH"
          value="OH"
        >
          Ohio
        </option>
        <option
          key="OK"
          value="OK"
        >
          Oklahoma
        </option>
        <option
          key="OR"
          value="OR"
        >
          Oregon
        </option>
        <option
          key="PA"
          value="PA"
        >
          Pennsylvania
        </option>
        <option
          key="RI"
          value="RI"
        >
          Rhode Island
        </option>
        <option
          key="SC"
          value="SC"
        >
          South Carolina
        </option>
        <option
          key="SD"
          value="SD"
        >
          South Dakota
        </option>
        <option
          key="TN"
          value="TN"
        >
          Tennessee
        </option>
        <option
          key="TX"
          value="TX"
        >
          Texas
        </option>
        <option
          key="UT"
          value="UT"
        >
          Utah
        </option>
        <option
          key="VT"
          value="VT"
        >
          Vermont
        </option>
        <option
          key="VA"
          value="VA"
        >
          Virginia
        </option>
        <option
          key="WA"
          value="WA"
        >
          Washington
        </option>
        <option
          key="WV"
          value="WV"
        >
          West Virginia
        </option>
        <option
          key="WI"
          value="WI"
        >
          Wisconsin
        </option>
        <option
          key="WY"
          value="WY"
        >
          Wyoming
        </option>
      </select>
    </div>
    <div>
      <Label
        htmlFor="address-input"
      >
        Address
      </Label>
      <br />
      <ForwardRef
        id="address-input"
        name="address"
      />
    </div>
    <div>
      <Label
        htmlFor="date-input"
      >
        Date
      </Label>
      <br />
      <ForwardRef
        id="date-input"
        name="date"
        type="date"
      />
    </div>
    <div>
      <Label
        htmlFor="url-input"
      >
        URL
      </Label>
      <br />
      <ForwardRef
        id="url-input"
        name="url"
      />
    </div>
    <div>
      <Label
        htmlFor="desc-input"
      >
        Description
      </Label>
      <br />
      <ForwardRef
        id="desc-input"
        name="desc"
      />
    </div>
    <div>
      <Label
        htmlFor="status-input"
      >
        Status
      </Label>
      <br />
      <select
        id="status-input"
        name="status"
      >
        <option
          value="Will Attend"
        >
          Will attend
        </option>
        <option
          value="Maybe"
        >
          Maybe
        </option>
        <option
          value="Attended"
        >
          Attended
        </option>
        <option
          value="Did Not Attend"
        >
          Did Not Attend
        </option>
      </select>
    </div>
    <ForwardRef
      onClick={[Function]}
      type="button"
    >
      Back
    </ForwardRef>
    <ForwardRef
      type="submit"
    >
      Submit
    </ForwardRef>
  </form>
</div>
`;
