// Jest Snapshot v1, https://goo.gl/fbAQLP

exports[`SavedCompaniesRoute snapshot test renders the UI as expected 1`] = `<SavedCompaniesRoute />`;
