// Jest Snapshot v1, https://goo.gl/fbAQLP

exports[`ResourcesList snapshot test renders the UI as expected 1`] = `<ResourcesList />`;
