// Jest Snapshot v1, https://goo.gl/fbAQLP

exports[`SavedJobSummary snapshot test renders the UI as expected 1`] = `<SavedJobSummary />`;
