// Jest Snapshot v1, https://goo.gl/fbAQLP

exports[`JobsRoute snapshot test renders the UI as expected 1`] = `<JobsRoute />`;
