// Jest Snapshot v1, https://goo.gl/fbAQLP

exports[`DashEventSummary snapshot test renders the UI as expected 1`] = `<DashEventSummary />`;
